SQL> select last_name,salary
  2  from empployees
  3  where salary between 2500 and 5000;
from empployees
     *
ERROR at line 2:
ORA-00942: table or view does not exist 


SQL> select last_name,salary
  2  from employees
  3  where salary between 2500 and 5000;

LAST_NAME                     SALARY                                            
------------------------- ----------                                            
Austin                          4800                                            
Pataballa                       4800                                            
Lorentz                         4200                                            
Khoo                            3100                                            
Baida                           2900                                            
Tobias                          2800                                            
Himuro                          2600                                            
Colmenares                      2500                                            
Nayer                           3200                                            
Mikkilineni                     2700                                            
Bissot                          3300                                            

LAST_NAME                     SALARY                                            
------------------------- ----------                                            
Atkinson                        2800                                            
Marlow                          2500                                            
Mallin                          3300                                            
Rogers                          2900                                            
Ladwig                          3600                                            
Stiles                          3200                                            
Seo                             2700                                            
Patel                           2500                                            
Rajs                            3500                                            
Davies                          3100                                            
Matos                           2600                                            

LAST_NAME                     SALARY                                            
------------------------- ----------                                            
Vargas                          2500                                            
Taylor                          3200                                            
Fleaur                          3100                                            
Sullivan                        2500                                            
Geoni                           2800                                            
Sarchand                        4200                                            
Bull                            4100                                            
Dellinger                       3400                                            
Cabrio                          3000                                            
Chung                           3800                                            
Dilly                           3600                                            

LAST_NAME                     SALARY                                            
------------------------- ----------                                            
Gates                           2900                                            
Perkins                         2500                                            
Bell                            4000                                            
Everett                         3900                                            
McCain                          3200                                            
Jones                           2800                                            
Walsh                           3100                                            
Feeney                          3000                                            
OConnell                        2600                                            
Grant                           2600                                            
Whalen                          4400                                            

44 rows selected.

SQL> select last_name,salary
  2  from employees
  3  where salary>=2500 and salary<=5000;

LAST_NAME                     SALARY                                            
------------------------- ----------                                            
Austin                          4800                                            
Pataballa                       4800                                            
Lorentz                         4200                                            
Khoo                            3100                                            
Baida                           2900                                            
Tobias                          2800                                            
Himuro                          2600                                            
Colmenares                      2500                                            
Nayer                           3200                                            
Mikkilineni                     2700                                            
Bissot                          3300                                            

LAST_NAME                     SALARY                                            
------------------------- ----------                                            
Atkinson                        2800                                            
Marlow                          2500                                            
Mallin                          3300                                            
Rogers                          2900                                            
Ladwig                          3600                                            
Stiles                          3200                                            
Seo                             2700                                            
Patel                           2500                                            
Rajs                            3500                                            
Davies                          3100                                            
Matos                           2600                                            

LAST_NAME                     SALARY                                            
------------------------- ----------                                            
Vargas                          2500                                            
Taylor                          3200                                            
Fleaur                          3100                                            
Sullivan                        2500                                            
Geoni                           2800                                            
Sarchand                        4200                                            
Bull                            4100                                            
Dellinger                       3400                                            
Cabrio                          3000                                            
Chung                           3800                                            
Dilly                           3600                                            

LAST_NAME                     SALARY                                            
------------------------- ----------                                            
Gates                           2900                                            
Perkins                         2500                                            
Bell                            4000                                            
Everett                         3900                                            
McCain                          3200                                            
Jones                           2800                                            
Walsh                           3100                                            
Feeney                          3000                                            
OConnell                        2600                                            
Grant                           2600                                            
Whalen                          4400                                            

44 rows selected.

SQL> select last_name,department_id
  2  from employees
  3  where department_id in(20,30,60);

LAST_NAME                 DEPARTMENT_ID                                         
------------------------- -------------                                         
Hartstein                            20                                         
Fay                                  20                                         
Raphaely                             30                                         
Khoo                                 30                                         
Baida                                30                                         
Tobias                               30                                         
Himuro                               30                                         
Colmenares                           30                                         
Hunold                               60                                         
Ernst                                60                                         
Austin                               60                                         

LAST_NAME                 DEPARTMENT_ID                                         
------------------------- -------------                                         
Pataballa                            60                                         
Lorentz                              60                                         

13 rows selected.

SQL> select last_name
  2  from employees
  3  where last_name like "S%";
where last_name like "S%"
                     *
ERROR at line 3:
ORA-00904: "S%": invalid identifier 


SQL> select last_name
  2  from employees
  3  where last_name like 'S%';

LAST_NAME                                                                       
-------------------------                                                       
Sarchand                                                                        
Sciarra                                                                         
Seo                                                                             
Sewall                                                                          
Smith                                                                           
Smith                                                                           
Stiles                                                                          
Sullivan                                                                        
Sully                                                                           

9 rows selected.

SQL> select last_name
  2  from employees
  3  where department_id is null;

LAST_NAME                                                                       
-------------------------                                                       
Grant                                                                           

SQL> select last_name
  2  from employees
  3  where last_name like '_o%';

LAST_NAME                                                                       
-------------------------                                                       
Colmenares                                                                      
Doran                                                                           
Fox                                                                             
Johnson                                                                         
Jones                                                                           
Kochhar                                                                         
Lorentz                                                                         
Mourgos                                                                         
Popp                                                                            
Rogers                                                                          
Tobias                                                                          

LAST_NAME                                                                       
-------------------------                                                       
Vollman                                                                         

12 rows selected.

SQL> select last_name
  2  from employees
  3  where last_name like '_o%' and department_id=30;

LAST_NAME                                                                       
-------------------------                                                       
Tobias                                                                          
Colmenares                                                                      

SQL> select last_name,salary
  2  from employees
  3  order by 2;

LAST_NAME                     SALARY                                            
------------------------- ----------                                            
Olson                           2100                                            
Markle                          2200                                            
Philtanker                      2200                                            
Landry                          2400                                            
Gee                             2400                                            
Colmenares                      2500                                            
Marlow                          2500                                            
Patel                           2500                                            
Vargas                          2500                                            
Sullivan                        2500                                            
Perkins                         2500                                            

LAST_NAME                     SALARY                                            
------------------------- ----------                                            
Himuro                          2600                                            
Matos                           2600                                            
OConnell                        2600                                            
Grant                           2600                                            
Mikkilineni                     2700                                            
Seo                             2700                                            
Tobias                          2800                                            
Atkinson                        2800                                            
Geoni                           2800                                            
Jones                           2800                                            
Baida                           2900                                            

LAST_NAME                     SALARY                                            
------------------------- ----------                                            
Rogers                          2900                                            
Gates                           2900                                            
Cabrio                          3000                                            
Feeney                          3000                                            
Khoo                            3100                                            
Davies                          3100                                            
Fleaur                          3100                                            
Walsh                           3100                                            
Nayer                           3200                                            
Stiles                          3200                                            
Taylor                          3200                                            

LAST_NAME                     SALARY                                            
------------------------- ----------                                            
McCain                          3200                                            
Bissot                          3300                                            
Mallin                          3300                                            
Dellinger                       3400                                            
Rajs                            3500                                            
Ladwig                          3600                                            
Dilly                           3600                                            
Chung                           3800                                            
Everett                         3900                                            
Bell                            4000                                            
Bull                            4100                                            

LAST_NAME                     SALARY                                            
------------------------- ----------                                            
Lorentz                         4200                                            
Sarchand                        4200                                            
Whalen                          4400                                            
Austin                          4800                                            
Pataballa                       4800                                            
Mourgos                         5800                                            
Ernst                           6000                                            
Fay                             6000                                            
Kumar                           6100                                            
Banda                           6200                                            
Johnson                         6200                                            

LAST_NAME                     SALARY                                            
------------------------- ----------                                            
Ande                            6400                                            
Vollman                         6500                                            
Mavris                          6500                                            
Lee                             6800                                            
Popp                            6900                                            
Tuvault                         7000                                            
Sewall                          7000                                            
Grant                           7000                                            
Marvins                         7200                                            
Bates                           7300                                            
Smith                           7400                                            

LAST_NAME                     SALARY                                            
------------------------- ----------                                            
Cambrault                       7500                                            
Doran                           7500                                            
Sciarra                         7700                                            
Urman                           7800                                            
Kaufling                        7900                                            
Weiss                           8000                                            
Olsen                           8000                                            
Smith                           8000                                            
Chen                            8200                                            
Fripp                           8200                                            
Gietz                           8300                                            

LAST_NAME                     SALARY                                            
------------------------- ----------                                            
Livingston                      8400                                            
Taylor                          8600                                            
Hutton                          8800                                            
Hunold                          9000                                            
Faviet                          9000                                            
Hall                            9000                                            
McEwen                          9000                                            
Sully                           9500                                            
Greene                          9500                                            
Bernstein                       9500                                            
Fox                             9600                                            

LAST_NAME                     SALARY                                            
------------------------- ----------                                            
Baer                           10000                                            
Bloom                          10000                                            
King                           10000                                            
Tucker                         10000                                            
Vishney                        10500                                            
Zlotkey                        10500                                            
Cambrault                      11000                                            
Raphaely                       11000                                            
Abel                           11000                                            
Ozer                           11500                                            
Errazuriz                      12000                                            

LAST_NAME                     SALARY                                            
------------------------- ----------                                            
Higgins                        12008                                            
Greenberg                      12008                                            
Hartstein                      13000                                            
Partners                       13500                                            
Russell                        14000                                            
De Haan                        17000                                            
Kochhar                        17000                                            
King                           24000                                            

107 rows selected.

SQL> select substr('oracle',2,3) from dual;

SUB                                                                             
---                                                                             
rac                                                                             

SQL> select substr('oracle',-1,1) from dual;

S                                                                               
-                                                                               
e                                                                               

SQL> select replace("Jack and Jue",'J','B');
select replace("Jack and Jue",'J','B')
                                     *
ERROR at line 1:
ORA-00923: FROM keyword not found where expected 


SQL> select replace("Jack and Jue",'J','B') from dual;
select replace("Jack and Jue",'J','B') from dual
               *
ERROR at line 1:
ORA-00904: "Jack and Jue": invalid identifier 


SQL> select replace('Jack and Jue','J','B') from dual;

REPLACE('JAC                                                                    
------------                                                                    
Back and Bue                                                                    

SQL> select trim('m' from 'madam') from dual;

TRI                                                                             
---                                                                             
ada                                                                             

SQL> select trim('ma' from 'madam') from dual;
select trim('ma' from 'madam') from dual
       *
ERROR at line 1:
ORA-30001: trim set should have only one character 


SQL> spool off;
